// Jest Snapshot v1, https://goo.gl/fbAQLP

exports[`TableFilter should render with filter form 1`] = `
Object {
  "asFragment": [Function],
  "baseElement": <body>
    <div>
      <div
        class="mb-6"
        data-testid="tableFilter"
      >
        <form
          class="flex gap-[20px] flex-wrap justify-end"
          id="formFilter"
        >
          <div
            class="flex-col flex"
          >
            <label
              class="text-white font-bold"
            >
              Seach
            </label>
            <input
              class="rounded-lg !border-white-700 border-2 p-2 shadow-xl"
              placeholder="I'm a Search Bar"
              type="text"
            />
          </div>
          <div
            class="flex-col flex"
          >
            <label
              class="text-white font-bold"
            >
              Filter By Gender
            </label>
            <select
              class="rounded-lg !border-white-700 border-2 p-2 shadow-xl text-gray-500"
            >
              <option
                value=""
              >
                --select gender--
              </option>
              <option
                value="female"
              >
                female
              </option>
              <option
                value="male"
              >
                male
              </option>
            </select>
          </div>
          <div
            class="flex-col flex"
          >
            <label
              class="text-white font-bold"
            >
              Sort By
            </label>
            <select
              class="rounded-lg !border-white-700 border-2 p-2 shadow-xl text-gray-500"
            >
              <option
                value=""
              >
                --select sort by--
              </option>
              <option
                value="username"
              >
                username
              </option>
              <option
                value="name"
              >
                name
              </option>
              <option
                value="email"
              >
                email
              </option>
              <option
                value="gender"
              >
                gender
              </option>
              <option
                value="registeredDate"
              >
                registered date
              </option>
            </select>
          </div>
          <div
            class="flex-col flex"
          >
            <label
              class="text-white font-bold"
            >
              Sort Order
            </label>
            <select
              class="rounded-lg !border-white-700 border-2 p-2 shadow-xl text-gray-500"
            >
              <option
                value=""
              >
                --select sort order--
              </option>
              <option
                value="ascend"
              >
                ascending
              </option>
              <option
                value="descend"
              >
                descending
              </option>
            </select>
          </div>
          <button
            class="rounded-lg text-blue-600 !border-white-700 border-2 p-2 shadow-xl bg-white"
            data-testid="applyFilterButton"
            type="button"
          >
            Apply Filter
          </button>
          <button
            class="rounded-lg text-blue-600 !border-white-700 border-2 p-2 shadow-xl bg-white"
            data-testid="resetFilterButton"
            type="button"
          >
            Reset Filter
          </button>
        </form>
      </div>
    </div>
  </body>,
  "container": <div>
    <div
      class="mb-6"
      data-testid="tableFilter"
    >
      <form
        class="flex gap-[20px] flex-wrap justify-end"
        id="formFilter"
      >
        <div
          class="flex-col flex"
        >
          <label
            class="text-white font-bold"
          >
            Seach
          </label>
          <input
            class="rounded-lg !border-white-700 border-2 p-2 shadow-xl"
            placeholder="I'm a Search Bar"
            type="text"
          />
        </div>
        <div
          class="flex-col flex"
        >
          <label
            class="text-white font-bold"
          >
            Filter By Gender
          </label>
          <select
            class="rounded-lg !border-white-700 border-2 p-2 shadow-xl text-gray-500"
          >
            <option
              value=""
            >
              --select gender--
            </option>
            <option
              value="female"
            >
              female
            </option>
            <option
              value="male"
            >
              male
            </option>
          </select>
        </div>
        <div
          class="flex-col flex"
        >
          <label
            class="text-white font-bold"
          >
            Sort By
          </label>
          <select
            class="rounded-lg !border-white-700 border-2 p-2 shadow-xl text-gray-500"
          >
            <option
              value=""
            >
              --select sort by--
            </option>
            <option
              value="username"
            >
              username
            </option>
            <option
              value="name"
            >
              name
            </option>
            <option
              value="email"
            >
              email
            </option>
            <option
              value="gender"
            >
              gender
            </option>
            <option
              value="registeredDate"
            >
              registered date
            </option>
          </select>
        </div>
        <div
          class="flex-col flex"
        >
          <label
            class="text-white font-bold"
          >
            Sort Order
          </label>
          <select
            class="rounded-lg !border-white-700 border-2 p-2 shadow-xl text-gray-500"
          >
            <option
              value=""
            >
              --select sort order--
            </option>
            <option
              value="ascend"
            >
              ascending
            </option>
            <option
              value="descend"
            >
              descending
            </option>
          </select>
        </div>
        <button
          class="rounded-lg text-blue-600 !border-white-700 border-2 p-2 shadow-xl bg-white"
          data-testid="applyFilterButton"
          type="button"
        >
          Apply Filter
        </button>
        <button
          class="rounded-lg text-blue-600 !border-white-700 border-2 p-2 shadow-xl bg-white"
          data-testid="resetFilterButton"
          type="button"
        >
          Reset Filter
        </button>
      </form>
    </div>
  </div>,
  "debug": [Function],
  "findAllByAltText": [Function],
  "findAllByDisplayValue": [Function],
  "findAllByLabelText": [Function],
  "findAllByPlaceholderText": [Function],
  "findAllByRole": [Function],
  "findAllByTestId": [Function],
  "findAllByText": [Function],
  "findAllByTitle": [Function],
  "findByAltText": [Function],
  "findByDisplayValue": [Function],
  "findByLabelText": [Function],
  "findByPlaceholderText": [Function],
  "findByRole": [Function],
  "findByTestId": [Function],
  "findByText": [Function],
  "findByTitle": [Function],
  "getAllByAltText": [Function],
  "getAllByDisplayValue": [Function],
  "getAllByLabelText": [Function],
  "getAllByPlaceholderText": [Function],
  "getAllByRole": [Function],
  "getAllByTestId": [Function],
  "getAllByText": [Function],
  "getAllByTitle": [Function],
  "getByAltText": [Function],
  "getByDisplayValue": [Function],
  "getByLabelText": [Function],
  "getByPlaceholderText": [Function],
  "getByRole": [Function],
  "getByTestId": [Function],
  "getByText": [Function],
  "getByTitle": [Function],
  "queryAllByAltText": [Function],
  "queryAllByDisplayValue": [Function],
  "queryAllByLabelText": [Function],
  "queryAllByPlaceholderText": [Function],
  "queryAllByRole": [Function],
  "queryAllByTestId": [Function],
  "queryAllByText": [Function],
  "queryAllByTitle": [Function],
  "queryByAltText": [Function],
  "queryByDisplayValue": [Function],
  "queryByLabelText": [Function],
  "queryByPlaceholderText": [Function],
  "queryByRole": [Function],
  "queryByTestId": [Function],
  "queryByText": [Function],
  "queryByTitle": [Function],
  "rerender": [Function],
  "unmount": [Function],
}
`;
